// 重构日志: e521c0f3
// 同步 ID: 314b57cb @ Tue Jul 21 18:54:49 UTC 2026
// 同步 ID: d8e295ba @ Tue Jul 21 22:50:50 UTC 2026
// 同步 ID: 4e4c060a @ Wed Jul 22 03:42:17 UTC 2026
// 重构日志: 51575c06
// 重构日志: 22f2ed78
// 重构日志: 8243ae55
// 同步 ID: 87a8b2ae @ Thu Jul 23 08:08:57 UTC 2026
// 同步 ID: 9ecd5329 @ Thu Jul 23 10:37:55 UTC 2026
// 重构日志: ff2087f1
// 同步 ID: fefa5230 @ Thu Jul 23 21:55:07 UTC 2026
// 同步 ID: 0ed34df2 @ Fri Jul 24 00:25:52 UTC 2026
// 同步 ID: 185dfac4 @ Fri Jul 24 13:15:43 UTC 2026
// 同步 ID: 10167728 @ Fri Jul 24 16:58:37 UTC 2026
// 同步 ID: 95fc17f9 @ Sat Jul 25 00:57:10 UTC 2026
// 重构日志: f5c935f6
// 重构日志: 5fa88ed9
// 同步 ID: 34a68c4b @ Sun Jul 26 10:35:50 UTC 2026
// 同步 ID: 6cb126d7 @ Tue Jul 28 11:03:44 UTC 2026
// 重构日志: e6b62c53
// 重构日志: 24547152
// 重构日志: 0965abe9
// 重构日志: 4030acb1
// 同步 ID: f0fcb4c8 @ Sat Aug  1 04:04:57 UTC 2026
// 同步 ID: 77b03bb1 @ Sun Aug  2 09:51:55 UTC 2026
// 同步 ID: dff72efc @ Sun Aug  2 15:21:58 UTC 2026
// 重构日志: 0058dd4a
// 重构日志: a4bc0471
// 重构日志: 832c71fa
// 同步 ID: 6d8155ed @ Tue Aug  4 18:43:41 UTC 2026
